// Jest Snapshot v1, https://goo.gl/fbAQLP

exports[`comp8 should match snapshot 1`] = `
<div>
  <p>
    
    Coumponent mounted 0 times
  
  </p>
   
  <p>
    
    Counter is even? false
  
  </p>
   
  <p>
    
    Counter is odd? true
  
  </p>
   
  <p>
    
    State with local data: 10
  
  </p>
   
  <p>
    
    State with local computed data: 100
  
  </p>
   
  <p>
    
    Local state: 1001
  
  </p>
</div>
`;
