// Jest Snapshot v1, https://goo.gl/fbAQLP

exports[`comp6 should match snapshot 1`] = `
<div>
  <p>
    Hello Vue!
  </p>
   
  <div
    class="input-group input-group--dirty input-group--text-field primary--text"
  >
    <label>
      Label Text
    </label>
    <div
      class="input-group__input"
    >
      <input
        aria-label="Label Text"
        tabindex="0"
        type="text"
      />
    </div>
    <div
      class="input-group__details"
    >
      <!---->
    </div>
  </div>
</div>
`;
