// Jest Snapshot v1, https://goo.gl/fbAQLP

exports[`Login should match snapshot 1`] = `
<div
  class="container fluid fill-height"
>
  <div
    class="layout align-center justify-center"
  >
    <div
      class="flex"
    >
      <div
        class="elevation-12 v-card v-sheet theme--light elevation-2"
      >
        <nav
          class="v-toolbar theme--dark primary"
          style="margin-top: 0px; padding-right: 0px; padding-left: 0px; transform: translateY(0px);"
        >
          <div
            class="v-toolbar__content"
            style="height: 64px;"
          >
            <div
              class="v-toolbar__title"
            >
              Login
            </div>
          </div>
        </nav>
         
        <div
          class="v-card__text"
        >
          <form
            class="v-form"
            novalidate="novalidate"
          >
            <div
              class="v-input v-text-field theme--light"
            >
              <div
                class="v-input__prepend-outer"
              >
                <div
                  class="v-input__icon v-input__icon--prepend"
                >
                  <i
                    aria-hidden="true"
                    class="v-icon material-icons theme--light"
                  >
                    person
                  </i>
                </div>
              </div>
              <div
                class="v-input__control"
              >
                <div
                  class="v-input__slot"
                >
                  <div
                    class="v-text-field__slot"
                  >
                    <label
                      aria-hidden="true"
                      class="v-label theme--light"
                      style="left: 0px; position: absolute;"
                    >
                      Username
                    </label>
                    <input
                      aria-label="Username"
                      name="login"
                      type="text"
                    />
                  </div>
                </div>
                <div
                  class="v-text-field__details"
                >
                  <div
                    class="v-messages theme--light"
                  >
                    <div
                      class="v-messages__wrapper"
                    />
                  </div>
                </div>
              </div>
            </div>
             
            <div
              class="v-input v-text-field theme--light"
            >
              <div
                class="v-input__prepend-outer"
              >
                <div
                  class="v-input__icon v-input__icon--prepend"
                >
                  <i
                    aria-hidden="true"
                    class="v-icon material-icons theme--light"
                  >
                    lock
                  </i>
                </div>
              </div>
              <div
                class="v-input__control"
              >
                <div
                  class="v-input__slot"
                >
                  <div
                    class="v-text-field__slot"
                  >
                    <label
                      aria-hidden="true"
                      class="v-label theme--light"
                      style="left: 0px; position: absolute;"
                    >
                      Password
                    </label>
                    <input
                      aria-label="Password"
                      name="password"
                      type="password"
                    />
                  </div>
                </div>
                <div
                  class="v-text-field__details"
                >
                  <div
                    class="v-messages theme--light"
                  >
                    <div
                      class="v-messages__wrapper"
                    />
                  </div>
                </div>
              </div>
            </div>
             
            <div
              class="v-input v-input--selection-controls v-input--checkbox v-input--is-label-active v-input--is-dirty theme--light"
            >
              <div
                class="v-input__control"
              >
                <div
                  class="v-input__slot"
                >
                  <div
                    class="v-input--selection-controls__input"
                  >
                    <input
                      aria-checked="true"
                      aria-label="Remember me"
                      role="checkbox"
                      type="checkbox"
                      value=""
                    />
                    <div
                      class="v-input--selection-controls__ripple accent--text"
                    />
                    <i
                      aria-hidden="true"
                      class="v-icon material-icons theme--light accent--text"
                    >
                      check_box
                    </i>
                  </div>
                  <label
                    aria-hidden="true"
                    class="v-label theme--light"
                    style="left: 0px; position: relative;"
                  >
                    Remember me
                  </label>
                </div>
                <div
                  class="v-messages theme--light"
                >
                  <div
                    class="v-messages__wrapper"
                  />
                </div>
              </div>
            </div>
          </form>
        </div>
         
        <div
          class="v-card__actions"
        >
          <div
            class="spacer"
          />
           
          <button
            class="v-btn theme--light primary"
            type="button"
          >
            <div
              class="v-btn__content"
            >
              
            Login
          
            </div>
          </button>
        </div>
      </div>
    </div>
  </div>
</div>
`;
