// Jest Snapshot v1, https://goo.gl/fbAQLP

exports[`Nav should match snapshot 1`] = `
<aside
  class="v-navigation-drawer v-navigation-drawer--close v-navigation-drawer--fixed v-navigation-drawer--is-mobile theme--light"
  style="height: 100%; margin-top: 0px; max-height: calc(100% - 0px); width: 300px;"
>
  <nav
    class="v-toolbar elevation-0 theme--light"
    style="margin-top: 0px; padding-right: 0px; padding-left: 0px;"
  >
    <div
      class="v-toolbar__content"
      style="height: 64px;"
    >
      <div
        class="v-list theme--light"
        role="list"
      >
        <div
          role="listitem"
        >
          <div
            class="v-list__tile theme--light"
          >
            <div
              class="v-list__tile__title title"
            >
              
          Application
        
            </div>
          </div>
        </div>
      </div>
    </div>
  </nav>
   
  <hr
    class="v-divider theme--light"
  />
   
  <div
    class="v-list theme--light"
    role="list"
  >
    <div
      role="listitem"
    >
      <a
        class="v-list__tile v-list__tile--link theme--light"
      >
        <div
          class="v-list__tile__action"
        >
          <i
            aria-hidden="true"
            class="v-icon material-icons theme--light"
          >
            dashboard
          </i>
        </div>
         
        <div
          class="v-list__tile__content"
        >
          <div
            class="v-list__tile__title"
          >
            Home
          </div>
        </div>
      </a>
    </div>
     
    <div
      role="listitem"
    >
      <a
        class="v-list__tile v-list__tile--link theme--light"
      >
        <div
          class="v-list__tile__action"
        >
          <i
            aria-hidden="true"
            class="v-icon material-icons theme--light"
          >
            polymer
          </i>
        </div>
         
        <div
          class="v-list__tile__content"
        >
          <div
            class="v-list__tile__title"
          >
            Component 1
          </div>
        </div>
      </a>
    </div>
    <div
      role="listitem"
    >
      <a
        class="v-list__tile v-list__tile--link theme--light"
      >
        <div
          class="v-list__tile__action"
        >
          <i
            aria-hidden="true"
            class="v-icon material-icons theme--light"
          >
            polymer
          </i>
        </div>
         
        <div
          class="v-list__tile__content"
        >
          <div
            class="v-list__tile__title"
          >
            Component 2
          </div>
        </div>
      </a>
    </div>
    <div
      role="listitem"
    >
      <a
        class="v-list__tile v-list__tile--link theme--light"
      >
        <div
          class="v-list__tile__action"
        >
          <i
            aria-hidden="true"
            class="v-icon material-icons theme--light"
          >
            polymer
          </i>
        </div>
         
        <div
          class="v-list__tile__content"
        >
          <div
            class="v-list__tile__title"
          >
            Component 3
          </div>
        </div>
      </a>
    </div>
    <div
      role="listitem"
    >
      <a
        class="v-list__tile v-list__tile--link theme--light"
      >
        <div
          class="v-list__tile__action"
        >
          <i
            aria-hidden="true"
            class="v-icon material-icons theme--light"
          >
            polymer
          </i>
        </div>
         
        <div
          class="v-list__tile__content"
        >
          <div
            class="v-list__tile__title"
          >
            Component 4
          </div>
        </div>
      </a>
    </div>
    <div
      role="listitem"
    >
      <a
        class="v-list__tile v-list__tile--link theme--light"
      >
        <div
          class="v-list__tile__action"
        >
          <i
            aria-hidden="true"
            class="v-icon material-icons theme--light"
          >
            polymer
          </i>
        </div>
         
        <div
          class="v-list__tile__content"
        >
          <div
            class="v-list__tile__title"
          >
            Component 5
          </div>
        </div>
      </a>
    </div>
    <div
      role="listitem"
    >
      <a
        class="v-list__tile v-list__tile--link theme--light"
      >
        <div
          class="v-list__tile__action"
        >
          <i
            aria-hidden="true"
            class="v-icon material-icons theme--light"
          >
            polymer
          </i>
        </div>
         
        <div
          class="v-list__tile__content"
        >
          <div
            class="v-list__tile__title"
          >
            Component 6
          </div>
        </div>
      </a>
    </div>
    <div
      role="listitem"
    >
      <a
        class="v-list__tile v-list__tile--link theme--light"
      >
        <div
          class="v-list__tile__action"
        >
          <i
            aria-hidden="true"
            class="v-icon material-icons theme--light"
          >
            polymer
          </i>
        </div>
         
        <div
          class="v-list__tile__content"
        >
          <div
            class="v-list__tile__title"
          >
            Component 7
          </div>
        </div>
      </a>
    </div>
    <div
      role="listitem"
    >
      <a
        class="v-list__tile v-list__tile--link theme--light"
      >
        <div
          class="v-list__tile__action"
        >
          <i
            aria-hidden="true"
            class="v-icon material-icons theme--light"
          >
            polymer
          </i>
        </div>
         
        <div
          class="v-list__tile__content"
        >
          <div
            class="v-list__tile__title"
          >
            Component 8
          </div>
        </div>
      </a>
    </div>
    <div
      role="listitem"
    >
      <a
        class="v-list__tile v-list__tile--link theme--light"
      >
        <div
          class="v-list__tile__action"
        >
          <i
            aria-hidden="true"
            class="v-icon material-icons theme--light"
          >
            dashboard
          </i>
        </div>
         
        <div
          class="v-list__tile__content"
        >
          <div
            class="v-list__tile__title"
          >
            Dashboard
          </div>
        </div>
      </a>
    </div>
  </div>
  <div
    class="v-navigation-drawer__border"
  />
</aside>
`;
