// Jest Snapshot v1, https://goo.gl/fbAQLP

exports[`Nav should match snapshot 1`] = `
<v-navigation-drawer-stub
  app=""
  fixed=""
  height="100%"
  minivariantwidth="80"
  mobilebreakpoint="1264"
  width="300"
>
  <v-toolbar-stub
    flat="true"
    scrollthreshold="300"
  >
    <v-list-stub>
      <v-list-tile-stub
        activeclass="primary--text"
      >
        <v-list-tile-title-stub
          class="title"
        >
          
          Application
        
        </v-list-tile-title-stub>
      </v-list-tile-stub>
    </v-list-stub>
  </v-toolbar-stub>
   
  <v-divider-stub />
   
  <v-list-stub>
    <v-list-tile-stub
      activeclass="primary--text"
    >
      <v-list-tile-action-stub>
        <v-icon-stub>
          dashboard
        </v-icon-stub>
      </v-list-tile-action-stub>
       
      <v-list-tile-content-stub>
        <v-list-tile-title-stub>
          Home
        </v-list-tile-title-stub>
      </v-list-tile-content-stub>
    </v-list-tile-stub>
     
    <v-list-tile-stub
      activeclass="primary--text"
    >
      <v-list-tile-action-stub>
        <v-icon-stub>
          polymer
        </v-icon-stub>
      </v-list-tile-action-stub>
       
      <v-list-tile-content-stub>
        <v-list-tile-title-stub>
          Component 1
        </v-list-tile-title-stub>
      </v-list-tile-content-stub>
    </v-list-tile-stub>
    <v-list-tile-stub
      activeclass="primary--text"
    >
      <v-list-tile-action-stub>
        <v-icon-stub>
          polymer
        </v-icon-stub>
      </v-list-tile-action-stub>
       
      <v-list-tile-content-stub>
        <v-list-tile-title-stub>
          Component 2
        </v-list-tile-title-stub>
      </v-list-tile-content-stub>
    </v-list-tile-stub>
    <v-list-tile-stub
      activeclass="primary--text"
    >
      <v-list-tile-action-stub>
        <v-icon-stub>
          polymer
        </v-icon-stub>
      </v-list-tile-action-stub>
       
      <v-list-tile-content-stub>
        <v-list-tile-title-stub>
          Component 3
        </v-list-tile-title-stub>
      </v-list-tile-content-stub>
    </v-list-tile-stub>
    <v-list-tile-stub
      activeclass="primary--text"
    >
      <v-list-tile-action-stub>
        <v-icon-stub>
          polymer
        </v-icon-stub>
      </v-list-tile-action-stub>
       
      <v-list-tile-content-stub>
        <v-list-tile-title-stub>
          Component 4
        </v-list-tile-title-stub>
      </v-list-tile-content-stub>
    </v-list-tile-stub>
    <v-list-tile-stub
      activeclass="primary--text"
    >
      <v-list-tile-action-stub>
        <v-icon-stub>
          polymer
        </v-icon-stub>
      </v-list-tile-action-stub>
       
      <v-list-tile-content-stub>
        <v-list-tile-title-stub>
          Component 5
        </v-list-tile-title-stub>
      </v-list-tile-content-stub>
    </v-list-tile-stub>
    <v-list-tile-stub
      activeclass="primary--text"
    >
      <v-list-tile-action-stub>
        <v-icon-stub>
          polymer
        </v-icon-stub>
      </v-list-tile-action-stub>
       
      <v-list-tile-content-stub>
        <v-list-tile-title-stub>
          Component 6
        </v-list-tile-title-stub>
      </v-list-tile-content-stub>
    </v-list-tile-stub>
    <v-list-tile-stub
      activeclass="primary--text"
    >
      <v-list-tile-action-stub>
        <v-icon-stub>
          polymer
        </v-icon-stub>
      </v-list-tile-action-stub>
       
      <v-list-tile-content-stub>
        <v-list-tile-title-stub>
          Component 7
        </v-list-tile-title-stub>
      </v-list-tile-content-stub>
    </v-list-tile-stub>
    <v-list-tile-stub
      activeclass="primary--text"
    >
      <v-list-tile-action-stub>
        <v-icon-stub>
          polymer
        </v-icon-stub>
      </v-list-tile-action-stub>
       
      <v-list-tile-content-stub>
        <v-list-tile-title-stub>
          Component 8
        </v-list-tile-title-stub>
      </v-list-tile-content-stub>
    </v-list-tile-stub>
    <v-list-tile-stub
      activeclass="primary--text"
    >
      <v-list-tile-action-stub>
        <v-icon-stub>
          dashboard
        </v-icon-stub>
      </v-list-tile-action-stub>
       
      <v-list-tile-content-stub>
        <v-list-tile-title-stub>
          Dashboard
        </v-list-tile-title-stub>
      </v-list-tile-content-stub>
    </v-list-tile-stub>
  </v-list-stub>
</v-navigation-drawer-stub>
`;
