// Jest Snapshot v1, https://goo.gl/fbAQLP

exports[`Toolbar should match snapshot 1`] = `
<nav
  class="v-toolbar v-toolbar--fixed theme--light"
  style="margin-top: 0px; padding-right: 0px; padding-left: 0px; transform: translateY(0px);"
>
  <div
    class="v-toolbar__content"
    style="height: 64px;"
  >
    <button
      class="v-toolbar__side-icon v-btn v-btn--icon theme--light"
      type="button"
    >
      <div
        class="v-btn__content"
      >
        <i
          aria-hidden="true"
          class="v-icon material-icons theme--light"
        >
          menu
        </i>
      </div>
    </button>
     
    <div
      class="v-toolbar__title"
    >
      
    Sample App!
  
    </div>
     
    <div
      class="spacer"
    />
     
    <a>
      
    Logout
    
      <i
        aria-hidden="true"
        class="v-icon material-icons theme--light"
        title="Logout"
      >
        
      exit_to_app
    
      </i>
    </a>
  </div>
</nav>
`;
