// Jest Snapshot v1, https://goo.gl/fbAQLP

exports[`App should match snapshot 1`] = `
<v-app-stub
  id="app"
>
  <nav-stub />
   
  <toolbar-stub />
   
  <v-content-stub
    tag="main"
  >
    <v-container-stub
      fluid=""
      tag="div"
    >
      <routerview-stub />
    </v-container-stub>
  </v-content-stub>
   
  <footer-stub />
</v-app-stub>
`;
