// Jest Snapshot v1, https://goo.gl/fbAQLP

exports[`App should match snapshot 1`] = `
<div
  id="app"
>
  <h1>
    Sample App!
  </h1>
   
  <p>
    Click on the component to show it
  </p>
   
  <p>
    <a>
      Component 1
    </a>
    
    |
    
    <a>
      Component 2
    </a>
    
    |
    
    <a>
      Component 3
    </a>
    
    |
    
    <a>
      Component 4
    </a>
    
    |
    
    <a>
      Component 5
    </a>
    
    |
    
    <a>
      Component 6
    </a>
    
    |
    
    <a>
      Component 7
    </a>
    
    |
    
    <a>
      Component 8
    </a>
    
    |
    
    <a>
      Dashboard
    </a>
  </p>
   
  <!---->
</div>
`;
